2026-05-28 10:46:51 - services.attendance_service - INFO - [attendance_service.py:173] - 人脸库已刷新: 0 人 (班级: 全部), 矩阵预计算完成
2026-05-28 10:47:07 - gui.teacher_panel - INFO - [teacher_panel.py:997] - [GUI导入] dir_path=D:/桌面/新建文件夹/版本3-备份/23人工智能1班, class_name=23人工智能1班
2026-05-28 10:47:07 - gui.teacher_panel - INFO - [teacher_panel.py:66] - [ImportWorker] 走 register_from_class_dir, dir=D:/桌面/新建文件夹/版本3-备份/23人工智能1班, class=23人工智能1班
2026-05-28 10:47:09 - core.face_encoder - INFO - [face_encoder.py:50] - InsightFace 模型加载完成 (模型: buffalo_l, 检测: SCRFD, 编码: ArcFace 512维, det_size: (640, 640), providers: ['CPUExecutionProvider'])
2026-05-28 10:47:09 - core.face_encoder - INFO - [face_encoder.py:57] - 模型预热完成
2026-05-28 10:47:13 - core.face_encoder - INFO - [face_encoder.py:321] - 注册: 取质量最高的 5/10 张照片 (质量范围: 0.63~0.67)
2026-05-28 10:47:13 - core.face_encoder - INFO - [face_encoder.py:362] - 从 5/10 张图片生成质量加权编码 (权重: [0.2, 0.2, 0.2, 0.2, 0.19])
2026-05-28 10:47:15 - core.face_encoder - INFO - [face_encoder.py:321] - 注册: 取质量最高的 5/10 张照片 (质量范围: 0.71~0.75)
2026-05-28 10:47:15 - core.face_encoder - INFO - [face_encoder.py:362] - 从 5/10 张图片生成质量加权编码 (权重: [0.2, 0.2, 0.2, 0.2, 0.2])
2026-05-28 10:47:17 - core.face_encoder - INFO - [face_encoder.py:321] - 注册: 取质量最高的 5/10 张照片 (质量范围: 0.74~0.75)
2026-05-28 10:47:17 - core.face_encoder - INFO - [face_encoder.py:362] - 从 5/10 张图片生成质量加权编码 (权重: [0.2, 0.2, 0.2, 0.2, 0.2])
2026-05-28 10:47:19 - core.face_encoder - INFO - [face_encoder.py:321] - 注册: 取质量最高的 5/10 张照片 (质量范围: 0.78~0.81)
2026-05-28 10:47:19 - core.face_encoder - INFO - [face_encoder.py:362] - 从 5/10 张图片生成质量加权编码 (权重: [0.21, 0.2, 0.2, 0.2, 0.2])
2026-05-28 10:47:21 - core.face_encoder - INFO - [face_encoder.py:321] - 注册: 取质量最高的 5/10 张照片 (质量范围: 0.60~0.64)
2026-05-28 10:47:21 - core.face_encoder - INFO - [face_encoder.py:362] - 从 5/10 张图片生成质量加权编码 (权重: [0.21, 0.2, 0.2, 0.2, 0.19])
2026-05-28 10:47:23 - core.face_encoder - INFO - [face_encoder.py:321] - 注册: 取质量最高的 5/10 张照片 (质量范围: 0.86~0.87)
2026-05-28 10:47:23 - core.face_encoder - INFO - [face_encoder.py:362] - 从 5/10 张图片生成质量加权编码 (权重: [0.2, 0.2, 0.2, 0.2, 0.2])
2026-05-28 10:47:25 - core.face_encoder - INFO - [face_encoder.py:321] - 注册: 取质量最高的 5/10 张照片 (质量范围: 0.64~0.66)
2026-05-28 10:47:25 - core.face_encoder - INFO - [face_encoder.py:362] - 从 5/10 张图片生成质量加权编码 (权重: [0.2, 0.2, 0.2, 0.2, 0.2])
2026-05-28 10:47:27 - core.face_encoder - INFO - [face_encoder.py:321] - 注册: 取质量最高的 5/10 张照片 (质量范围: 0.69~0.76)
2026-05-28 10:47:27 - core.face_encoder - INFO - [face_encoder.py:362] - 从 5/10 张图片生成质量加权编码 (权重: [0.21, 0.2, 0.2, 0.2, 0.19])
2026-05-28 10:47:29 - core.face_encoder - INFO - [face_encoder.py:321] - 注册: 取质量最高的 5/10 张照片 (质量范围: 0.54~0.62)
2026-05-28 10:47:29 - core.face_encoder - INFO - [face_encoder.py:362] - 从 5/10 张图片生成质量加权编码 (权重: [0.22, 0.2, 0.2, 0.19, 0.19])
2026-05-28 10:47:31 - core.face_encoder - INFO - [face_encoder.py:321] - 注册: 取质量最高的 5/10 张照片 (质量范围: 0.63~0.66)
2026-05-28 10:47:31 - core.face_encoder - INFO - [face_encoder.py:362] - 从 5/10 张图片生成质量加权编码 (权重: [0.2, 0.2, 0.2, 0.2, 0.2])
2026-05-28 10:47:32 - core.face_encoder - INFO - [face_encoder.py:321] - 注册: 取质量最高的 5/10 张照片 (质量范围: 0.65~0.81)
2026-05-28 10:47:32 - core.face_encoder - INFO - [face_encoder.py:362] - 从 5/10 张图片生成质量加权编码 (权重: [0.21, 0.21, 0.21, 0.2, 0.17])
2026-05-28 10:47:34 - core.face_encoder - INFO - [face_encoder.py:321] - 注册: 取质量最高的 5/10 张照片 (质量范围: 0.58~0.70)
2026-05-28 10:47:34 - core.face_encoder - INFO - [face_encoder.py:362] - 从 5/10 张图片生成质量加权编码 (权重: [0.22, 0.21, 0.2, 0.19, 0.18])
2026-05-28 10:47:36 - core.face_encoder - INFO - [face_encoder.py:321] - 注册: 取质量最高的 5/10 张照片 (质量范围: 0.58~0.64)
2026-05-28 10:47:36 - core.face_encoder - INFO - [face_encoder.py:362] - 从 5/10 张图片生成质量加权编码 (权重: [0.21, 0.21, 0.2, 0.19, 0.19])
2026-05-28 10:47:38 - core.face_encoder - INFO - [face_encoder.py:321] - 注册: 取质量最高的 5/10 张照片 (质量范围: 0.64~0.65)
2026-05-28 10:47:38 - core.face_encoder - INFO - [face_encoder.py:362] - 从 5/10 张图片生成质量加权编码 (权重: [0.2, 0.2, 0.2, 0.2, 0.2])
2026-05-28 10:47:40 - core.face_encoder - INFO - [face_encoder.py:321] - 注册: 取质量最高的 5/10 张照片 (质量范围: 0.70~0.78)
2026-05-28 10:47:40 - core.face_encoder - INFO - [face_encoder.py:362] - 从 5/10 张图片生成质量加权编码 (权重: [0.22, 0.2, 0.2, 0.2, 0.19])
2026-05-28 10:47:42 - core.face_encoder - INFO - [face_encoder.py:321] - 注册: 取质量最高的 5/10 张照片 (质量范围: 0.61~0.64)
2026-05-28 10:47:42 - core.face_encoder - INFO - [face_encoder.py:362] - 从 5/10 张图片生成质量加权编码 (权重: [0.2, 0.2, 0.2, 0.2, 0.2])
2026-05-28 10:47:44 - core.face_encoder - INFO - [face_encoder.py:321] - 注册: 取质量最高的 5/10 张照片 (质量范围: 0.61~0.70)
2026-05-28 10:47:44 - core.face_encoder - INFO - [face_encoder.py:362] - 从 5/10 张图片生成质量加权编码 (权重: [0.22, 0.2, 0.19, 0.19, 0.19])
2026-05-28 10:47:46 - core.face_encoder - INFO - [face_encoder.py:321] - 注册: 取质量最高的 5/10 张照片 (质量范围: 0.73~0.88)
2026-05-28 10:47:46 - core.face_encoder - INFO - [face_encoder.py:362] - 从 5/10 张图片生成质量加权编码 (权重: [0.23, 0.19, 0.19, 0.19, 0.19])
2026-05-28 10:47:48 - core.face_encoder - INFO - [face_encoder.py:321] - 注册: 取质量最高的 5/10 张照片 (质量范围: 0.60~0.64)
2026-05-28 10:47:48 - core.face_encoder - INFO - [face_encoder.py:362] - 从 5/10 张图片生成质量加权编码 (权重: [0.21, 0.2, 0.2, 0.2, 0.2])
2026-05-28 10:47:50 - core.face_encoder - INFO - [face_encoder.py:321] - 注册: 取质量最高的 5/10 张照片 (质量范围: 0.68~0.71)
2026-05-28 10:47:50 - core.face_encoder - INFO - [face_encoder.py:362] - 从 5/10 张图片生成质量加权编码 (权重: [0.2, 0.2, 0.2, 0.2, 0.2])
2026-05-28 10:47:52 - core.face_encoder - INFO - [face_encoder.py:321] - 注册: 取质量最高的 5/10 张照片 (质量范围: 0.64~0.68)
2026-05-28 10:47:52 - core.face_encoder - INFO - [face_encoder.py:362] - 从 5/10 张图片生成质量加权编码 (权重: [0.21, 0.2, 0.2, 0.2, 0.19])
2026-05-28 10:47:54 - core.face_encoder - INFO - [face_encoder.py:321] - 注册: 取质量最高的 5/10 张照片 (质量范围: 0.56~0.60)
2026-05-28 10:47:54 - core.face_encoder - INFO - [face_encoder.py:362] - 从 5/10 张图片生成质量加权编码 (权重: [0.21, 0.2, 0.2, 0.2, 0.2])
2026-05-28 10:47:56 - core.face_encoder - INFO - [face_encoder.py:321] - 注册: 取质量最高的 5/10 张照片 (质量范围: 0.76~0.80)
2026-05-28 10:47:56 - core.face_encoder - INFO - [face_encoder.py:362] - 从 5/10 张图片生成质量加权编码 (权重: [0.21, 0.2, 0.2, 0.2, 0.2])
2026-05-28 10:47:58 - core.face_encoder - INFO - [face_encoder.py:321] - 注册: 取质量最高的 5/10 张照片 (质量范围: 0.64~0.71)
2026-05-28 10:47:58 - core.face_encoder - INFO - [face_encoder.py:362] - 从 5/10 张图片生成质量加权编码 (权重: [0.22, 0.2, 0.2, 0.2, 0.2])
2026-05-28 10:47:59 - core.face_encoder - INFO - [face_encoder.py:321] - 注册: 取质量最高的 5/10 张照片 (质量范围: 0.57~0.70)
2026-05-28 10:47:59 - core.face_encoder - INFO - [face_encoder.py:362] - 从 5/10 张图片生成质量加权编码 (权重: [0.21, 0.21, 0.21, 0.19, 0.17])
2026-05-28 10:48:01 - core.face_encoder - INFO - [face_encoder.py:321] - 注册: 取质量最高的 5/10 张照片 (质量范围: 0.57~0.61)
2026-05-28 10:48:01 - core.face_encoder - INFO - [face_encoder.py:362] - 从 5/10 张图片生成质量加权编码 (权重: [0.21, 0.2, 0.2, 0.19, 0.19])
2026-05-28 10:48:03 - core.face_encoder - INFO - [face_encoder.py:321] - 注册: 取质量最高的 5/10 张照片 (质量范围: 0.63~0.69)
2026-05-28 10:48:03 - core.face_encoder - INFO - [face_encoder.py:362] - 从 5/10 张图片生成质量加权编码 (权重: [0.21, 0.21, 0.21, 0.19, 0.19])
2026-05-28 10:48:05 - core.face_encoder - INFO - [face_encoder.py:321] - 注册: 取质量最高的 5/10 张照片 (质量范围: 0.54~0.58)
2026-05-28 10:48:05 - core.face_encoder - INFO - [face_encoder.py:362] - 从 5/10 张图片生成质量加权编码 (权重: [0.21, 0.2, 0.2, 0.19, 0.19])
2026-05-28 10:48:07 - core.face_encoder - INFO - [face_encoder.py:321] - 注册: 取质量最高的 5/10 张照片 (质量范围: 0.63~0.64)
2026-05-28 10:48:07 - core.face_encoder - INFO - [face_encoder.py:362] - 从 5/10 张图片生成质量加权编码 (权重: [0.2, 0.2, 0.2, 0.2, 0.2])
2026-05-28 10:48:09 - core.face_encoder - INFO - [face_encoder.py:321] - 注册: 取质量最高的 5/10 张照片 (质量范围: 0.80~0.82)
2026-05-28 10:48:09 - core.face_encoder - INFO - [face_encoder.py:362] - 从 5/10 张图片生成质量加权编码 (权重: [0.2, 0.2, 0.2, 0.2, 0.2])
2026-05-28 10:48:11 - core.face_encoder - INFO - [face_encoder.py:321] - 注册: 取质量最高的 5/10 张照片 (质量范围: 0.69~0.82)
2026-05-28 10:48:11 - core.face_encoder - INFO - [face_encoder.py:362] - 从 5/10 张图片生成质量加权编码 (权重: [0.22, 0.22, 0.19, 0.19, 0.19])
2026-05-28 10:48:13 - core.face_encoder - INFO - [face_encoder.py:321] - 注册: 取质量最高的 5/10 张照片 (质量范围: 0.73~0.74)
2026-05-28 10:48:13 - core.face_encoder - INFO - [face_encoder.py:362] - 从 5/10 张图片生成质量加权编码 (权重: [0.2, 0.2, 0.2, 0.2, 0.2])
2026-05-28 10:48:15 - core.face_encoder - INFO - [face_encoder.py:321] - 注册: 取质量最高的 5/10 张照片 (质量范围: 0.72~0.81)
2026-05-28 10:48:15 - core.face_encoder - INFO - [face_encoder.py:362] - 从 5/10 张图片生成质量加权编码 (权重: [0.21, 0.21, 0.2, 0.2, 0.19])
2026-05-28 10:48:17 - core.face_encoder - INFO - [face_encoder.py:321] - 注册: 取质量最高的 5/10 张照片 (质量范围: 0.66~0.66)
2026-05-28 10:48:17 - core.face_encoder - INFO - [face_encoder.py:362] - 从 5/10 张图片生成质量加权编码 (权重: [0.2, 0.2, 0.2, 0.2, 0.2])
2026-05-28 10:48:19 - core.face_encoder - INFO - [face_encoder.py:321] - 注册: 取质量最高的 5/10 张照片 (质量范围: 0.56~0.62)
2026-05-28 10:48:19 - core.face_encoder - INFO - [face_encoder.py:362] - 从 5/10 张图片生成质量加权编码 (权重: [0.21, 0.21, 0.2, 0.19, 0.19])
2026-05-28 10:48:21 - core.face_encoder - INFO - [face_encoder.py:321] - 注册: 取质量最高的 5/10 张照片 (质量范围: 0.63~0.67)
2026-05-28 10:48:21 - core.face_encoder - INFO - [face_encoder.py:362] - 从 5/10 张图片生成质量加权编码 (权重: [0.21, 0.2, 0.2, 0.2, 0.2])
2026-05-28 10:48:23 - core.face_encoder - INFO - [face_encoder.py:321] - 注册: 取质量最高的 5/10 张照片 (质量范围: 0.51~0.70)
2026-05-28 10:48:23 - core.face_encoder - INFO - [face_encoder.py:362] - 从 5/10 张图片生成质量加权编码 (权重: [0.22, 0.22, 0.21, 0.18, 0.16])
2026-05-28 10:48:25 - core.face_encoder - INFO - [face_encoder.py:321] - 注册: 取质量最高的 5/10 张照片 (质量范围: 0.64~0.68)
2026-05-28 10:48:25 - core.face_encoder - INFO - [face_encoder.py:362] - 从 5/10 张图片生成质量加权编码 (权重: [0.21, 0.2, 0.2, 0.2, 0.2])
2026-05-28 10:48:27 - core.face_encoder - INFO - [face_encoder.py:321] - 注册: 取质量最高的 5/10 张照片 (质量范围: 0.57~0.72)
2026-05-28 10:48:27 - core.face_encoder - INFO - [face_encoder.py:362] - 从 5/10 张图片生成质量加权编码 (权重: [0.22, 0.22, 0.2, 0.19, 0.18])
2026-05-28 10:48:29 - core.face_encoder - INFO - [face_encoder.py:321] - 注册: 取质量最高的 5/10 张照片 (质量范围: 0.61~0.69)
2026-05-28 10:48:29 - core.face_encoder - INFO - [face_encoder.py:362] - 从 5/10 张图片生成质量加权编码 (权重: [0.21, 0.2, 0.2, 0.2, 0.19])
2026-05-28 10:48:30 - core.face_encoder - INFO - [face_encoder.py:321] - 注册: 取质量最高的 5/6 张照片 (质量范围: 0.61~0.68)
2026-05-28 10:48:30 - core.face_encoder - INFO - [face_encoder.py:362] - 从 5/6 张图片生成质量加权编码 (权重: [0.21, 0.21, 0.21, 0.19, 0.19])
2026-05-28 10:48:33 - core.face_encoder - INFO - [face_encoder.py:321] - 注册: 取质量最高的 5/14 张照片 (质量范围: 0.65~0.70)
2026-05-28 10:48:33 - core.face_encoder - INFO - [face_encoder.py:362] - 从 5/14 张图片生成质量加权编码 (权重: [0.2, 0.2, 0.2, 0.2, 0.19])
2026-05-28 10:48:34 - core.face_encoder - INFO - [face_encoder.py:321] - 注册: 取质量最高的 5/10 张照片 (质量范围: 0.73~0.77)
2026-05-28 10:48:34 - core.face_encoder - INFO - [face_encoder.py:362] - 从 5/10 张图片生成质量加权编码 (权重: [0.2, 0.2, 0.2, 0.2, 0.19])
2026-05-28 10:48:36 - core.face_encoder - INFO - [face_encoder.py:321] - 注册: 取质量最高的 5/10 张照片 (质量范围: 0.65~0.69)
2026-05-28 10:48:36 - core.face_encoder - INFO - [face_encoder.py:362] - 从 5/10 张图片生成质量加权编码 (权重: [0.21, 0.2, 0.2, 0.2, 0.19])
2026-05-28 10:48:38 - core.face_encoder - INFO - [face_encoder.py:321] - 注册: 取质量最高的 5/10 张照片 (质量范围: 0.78~0.80)
2026-05-28 10:48:38 - core.face_encoder - INFO - [face_encoder.py:362] - 从 5/10 张图片生成质量加权编码 (权重: [0.2, 0.2, 0.2, 0.2, 0.2])
2026-05-28 10:48:40 - core.face_encoder - INFO - [face_encoder.py:321] - 注册: 取质量最高的 5/10 张照片 (质量范围: 0.70~0.77)
2026-05-28 10:48:40 - core.face_encoder - INFO - [face_encoder.py:362] - 从 5/10 张图片生成质量加权编码 (权重: [0.21, 0.21, 0.2, 0.19, 0.19])
2026-05-28 10:48:42 - core.face_encoder - INFO - [face_encoder.py:321] - 注册: 取质量最高的 5/10 张照片 (质量范围: 0.63~0.64)
2026-05-28 10:48:42 - core.face_encoder - INFO - [face_encoder.py:362] - 从 5/10 张图片生成质量加权编码 (权重: [0.2, 0.2, 0.2, 0.2, 0.2])
2026-05-28 10:48:44 - core.face_encoder - INFO - [face_encoder.py:321] - 注册: 取质量最高的 5/10 张照片 (质量范围: 0.84~0.88)
2026-05-28 10:48:44 - core.face_encoder - INFO - [face_encoder.py:362] - 从 5/10 张图片生成质量加权编码 (权重: [0.2, 0.2, 0.2, 0.2, 0.2])
2026-05-28 10:48:46 - core.face_encoder - INFO - [face_encoder.py:321] - 注册: 取质量最高的 5/10 张照片 (质量范围: 0.55~0.78)
2026-05-28 10:48:46 - core.face_encoder - INFO - [face_encoder.py:362] - 从 5/10 张图片生成质量加权编码 (权重: [0.22, 0.21, 0.2, 0.2, 0.16])
2026-05-28 10:48:48 - core.face_encoder - INFO - [face_encoder.py:321] - 注册: 取质量最高的 5/10 张照片 (质量范围: 0.64~0.66)
2026-05-28 10:48:48 - core.face_encoder - INFO - [face_encoder.py:362] - 从 5/10 张图片生成质量加权编码 (权重: [0.2, 0.2, 0.2, 0.2, 0.2])
2026-05-28 10:48:50 - core.face_encoder - INFO - [face_encoder.py:321] - 注册: 取质量最高的 5/10 张照片 (质量范围: 0.61~0.63)
2026-05-28 10:48:50 - core.face_encoder - INFO - [face_encoder.py:362] - 从 5/10 张图片生成质量加权编码 (权重: [0.2, 0.2, 0.2, 0.2, 0.2])
2026-05-28 10:48:52 - core.face_encoder - INFO - [face_encoder.py:321] - 注册: 取质量最高的 5/10 张照片 (质量范围: 0.63~0.69)
2026-05-28 10:48:52 - core.face_encoder - INFO - [face_encoder.py:362] - 从 5/10 张图片生成质量加权编码 (权重: [0.21, 0.21, 0.2, 0.19, 0.19])
2026-05-28 10:48:54 - core.face_encoder - INFO - [face_encoder.py:321] - 注册: 取质量最高的 5/10 张照片 (质量范围: 0.64~0.66)
2026-05-28 10:48:54 - core.face_encoder - INFO - [face_encoder.py:362] - 从 5/10 张图片生成质量加权编码 (权重: [0.21, 0.2, 0.2, 0.2, 0.2])
2026-05-28 10:48:56 - core.face_encoder - INFO - [face_encoder.py:321] - 注册: 取质量最高的 5/10 张照片 (质量范围: 0.64~0.66)
2026-05-28 10:48:56 - core.face_encoder - INFO - [face_encoder.py:362] - 从 5/10 张图片生成质量加权编码 (权重: [0.2, 0.2, 0.2, 0.2, 0.2])
2026-05-28 10:48:57 - core.face_encoder - INFO - [face_encoder.py:321] - 注册: 取质量最高的 5/10 张照片 (质量范围: 0.68~0.73)
2026-05-28 10:48:57 - core.face_encoder - INFO - [face_encoder.py:362] - 从 5/10 张图片生成质量加权编码 (权重: [0.21, 0.2, 0.2, 0.2, 0.19])
2026-05-28 10:48:59 - core.face_encoder - INFO - [face_encoder.py:321] - 注册: 取质量最高的 5/10 张照片 (质量范围: 0.65~0.67)
2026-05-28 10:48:59 - core.face_encoder - INFO - [face_encoder.py:362] - 从 5/10 张图片生成质量加权编码 (权重: [0.21, 0.2, 0.2, 0.2, 0.2])
2026-05-28 10:49:01 - core.face_encoder - INFO - [face_encoder.py:321] - 注册: 取质量最高的 5/10 张照片 (质量范围: 0.68~0.72)
2026-05-28 10:49:01 - core.face_encoder - INFO - [face_encoder.py:362] - 从 5/10 张图片生成质量加权编码 (权重: [0.21, 0.2, 0.2, 0.2, 0.19])
2026-05-28 10:49:03 - core.face_encoder - INFO - [face_encoder.py:321] - 注册: 取质量最高的 5/10 张照片 (质量范围: 0.63~0.65)
2026-05-28 10:49:03 - core.face_encoder - INFO - [face_encoder.py:362] - 从 5/10 张图片生成质量加权编码 (权重: [0.2, 0.2, 0.2, 0.2, 0.2])
2026-05-28 10:49:03 - services.attendance_service - INFO - [attendance_service.py:173] - 人脸库已刷新: 58 人 (班级: 全部), 矩阵预计算完成
2026-05-28 10:56:10 - services.attendance_service - INFO - [attendance_service.py:173] - 人脸库已刷新: 58 人 (班级: 全部), 矩阵预计算完成
2026-05-28 10:56:26 - services.attendance_service - INFO - [attendance_service.py:173] - 人脸库已刷新: 0 人 (班级: 全部), 矩阵预计算完成
2026-05-28 10:57:12 - services.attendance_service - INFO - [attendance_service.py:173] - 人脸库已刷新: 0 人 (班级: 全部), 矩阵预计算完成
2026-05-28 10:57:46 - core.face_encoder - INFO - [face_encoder.py:50] - InsightFace 模型加载完成 (模型: buffalo_l, 检测: SCRFD, 编码: ArcFace 512维, det_size: (640, 640), providers: ['CPUExecutionProvider'])
2026-05-28 10:57:46 - core.face_encoder - INFO - [face_encoder.py:57] - 模型预热完成
2026-05-28 10:57:47 - services.attendance_service - INFO - [attendance_service.py:173] - 人脸库已刷新: 1 人 (班级: 全部), 矩阵预计算完成
2026-05-28 10:57:58 - services.attendance_service - INFO - [attendance_service.py:173] - 人脸库已刷新: 1 人 (班级: 全部), 矩阵预计算完成
2026-05-28 10:57:58 - gui.attendance_panel - INFO - [attendance_panel.py:75] - 人脸库已加载: 1 人
2026-05-28 10:57:59 - gui.attendance_panel - INFO - [attendance_panel.py:634] - 自动打卡: 方皓辉 打卡成功 (正常)
2026-05-28 10:58:24 - services.attendance_service - INFO - [attendance_service.py:173] - 人脸库已刷新: 0 人 (班级: 全部), 矩阵预计算完成
